============================= test session starts ==============================
platform linux -- Python 3.13.3, pytest-8.4.1, pluggy-1.6.0
rootdir: /workspace
collected 0 items

============================ no tests ran in 0.01s =============================
